// Jest Snapshot v1, https://goo.gl/fbAQLP

exports[`TopicSagaConsumer consumes from a topic and calls the saga with provided context 1`] = `
Array [
  Array [
    Object {
      "payload": Object {
        "dogs_go": "awoo",
      },
      "topic": "topic-saga-consumer",
      "transaction_id": "test-trx-id-bark",
    },
  ],
]
`;
